8454153
8650763
23527424
16842753
16842749
25165824
8519690
655361
25034752
5
-1
6